>>> from your_module import say_my_name
>>> say_my_name("Simple", "Zero")
My name is Simple Zero
>>> say_my_name("Jerry", "Aims")
My name is Jerry Aims
>>> say_my_name("Simple")
My name is Simple 
>>> say_my_name(6, "James")
Traceback (most recent call last):
...
TypeError: first_name must be a string
>>> say_my_name("MeCalister", ["Cavs", "Bakers", "Heat"])
Traceback (most recent call last):
...
TypeError: last_name must be a string
>>> say_my_name({"LeBron": 6, "Lames": 23}, 7.7)
Traceback (most recent call last):
...
TypeError: first_name must be a string
>>> say_my_name(None)
Traceback (most recent call last):
...
TypeError: first_name must be a string
>>> say_my_name()
Traceback (most recent call last):
...
TypeError: say_my_name() missing 1 required positional argument: 'first_name'
